INFO         | Android emulator version 37.1.11.0 (build_id 15917651) (CL:N/A)
INFO         | Graphics backend: gfxstream
INFO         | Found systemPath C:/@Work/POC/android-sdk\system-images\android-34\google_apis\x86_64\
INFO         | Increasing RAM size to 2560MB
INFO         | IPv4 server found: 192.168.1.254
INFO         | Ignore IPv6 address: 50de:e7ab:4a02:0:50de:e7ab:4a02:0
INFO         | Ignore IPv6 address: 50de:e7ab:4a02:0:50de:e7ab:4a02:0
INFO         | Ignore IPv6 address: 50de:e7ab:4a02:0:50de:e7ab:4a02:0
INFO         | Ignore IPv6 address: 40e4:e7ab:4a02:0:50de:e7ab:4a02:0
INFO         | Ignore IPv6 address: 40e4:e7ab:4a02:0:50de:e7ab:4a02:0
INFO         | Ignore IPv6 address: 40e4:e7ab:4a02:0:50de:e7ab:4a02:0
INFO         | Ignore IPv6 address: 58ea:e7ab:4a02:0:50de:e7ab:4a02:0
INFO         | Ignore IPv6 address: 58ea:e7ab:4a02:0:50de:e7ab:4a02:0
INFO         | Ignore IPv6 address: 58ea:e7ab:4a02:0:50de:e7ab:4a02:0
INFO         | Ignore IPv6 address: c8fb:e7ab:4a02:0:50de:e7ab:4a02:0
INFO         | Ignore IPv6 address: c8fb:e7ab:4a02:0:50de:e7ab:4a02:0
INFO         | Ignore IPv6 address: c8fb:e7ab:4a02:0:50de:e7ab:4a02:0
INFO         | Guest GLES Driver: Auto (ext controls)
INFO         | emuglConfig_get_vulkan_hardware_gpu_support_info: Found physical GPU 'Intel(R) UHD Graphics', type: VK_PHYSICAL_DEVICE_TYPE_INTEGRATED_GPU, apiVersion: 1.3.261, driverVersion: 0.405.791

INFO         | emuglConfig_init: vulkan_mode_selected:host gles_mode_selected:host
INFO         | Checking system compatibility:
INFO         |   Checking: hasCompatibleHypervisor
INFO         |      Ok: Hypervisor compatibility to run avd: `connectly_test` are met
INFO         |   Checking: hasSufficientSystem
INFO         |      Ok: System requirements to run avd: `connectly_test` are met
INFO         |   Checking: hasSufficientHwGpu
INFO         |      Ok: Hardware GPU requirements to run avd: `connectly_test` are passed
INFO         |   Checking: hasSufficientDiskSpace
INFO         |      Ok: Disk space requirements to run avd: `connectly_test` are met
INFO         | Critical: Failed to load opengl32sw (The specified module could not be found.) (:0, )
INFO         | Warning: Software OpenGL failed. Falling back to system OpenGL. (:0, )
INFO         | Storing crashdata in: C:\Users\CZUVWD\AppData\Local\Temp\\AndroidEmulator\emu-crash-37.1.11.db, detection is enabled for process: 24764
INFO         | Initializing gfxstream backend
INFO         | startOpenglesRendererImpl: gpu info
INFO         | GPU #1
  Make: 8086
  Model: Intel(R) UHD Graphics
  Device ID: 4628

INFO         | Disabling implicit Vulkan layers to avoid compatibility issues. Set VK_LOADER_LAYERS_DISABLE manually to disable this behavior.
INFO         | SharedLibrary::open for [C:\@Work\POC\android-sdk\emulator\qemu\windows-x86_64\lib64\vulkan\vulkan-1.dll]
INFO         | SharedLibrary::open for [C:\@Work\POC\android-sdk\emulator\lib64\vulkan\vulkan-1.dll]
INFO         | Added library: C:\@Work\POC\android-sdk\emulator\lib64\vulkan\vulkan-1.dll
INFO         | Selecting Vulkan device: Intel(R) UHD Graphics, Version: 1.3.261
INFO         | Using Vulkan externalMemoryMode: OpaqueWin32 for VkEmulation
INFO         | Initializing VkEmulation features:
INFO         |     glInteropSupported: false
INFO         |     useDeferredCommands: true
INFO         |     createResourceWithRequirements: true
INFO         |     useVulkanComposition: false
INFO         |     useVulkanNativeSwapchain: false
INFO         |     enable guestRenderDoc: false
INFO         |     ASTC LDR emulation mode: Gpu
INFO         |     enable ETC2 emulation: true
INFO         |     enable Ycbcr emulation: false
INFO         |     guestVulkanOnly: false
INFO         |     useDedicatedAllocations: false
INFO         |     guestVulkanMaxApiVersion: 1.3.0
INFO         |     enableProtectedMemoryEmulation: false
INFO         | Graphics Adapter Vendor Google (Intel)
INFO         | Graphics Adapter Android Emulator OpenGL ES Translator (Intel(R) UHD Graphics)
INFO         | Graphics API Version OpenGL ES 3.0 (4.5.0 - Build 31.0.101.4887)
INFO         | Graphics API Extensions GL_OES_EGL_sync GL_OES_EGL_image GL_OES_EGL_image_external GL_OES_depth24 GL_OES_depth32 GL_OES_element_index_uint GL_OES_texture_float GL_OES_texture_float_linear GL_OES_compressed_paletted_texture GL_OES_compressed_ETC1_RGB8_texture GL_OES_depth_texture GL_OES_texture_half_float GL_OES_texture_half_float_linear GL_OES_packed_depth_stencil GL_OES_vertex_half_float GL_OES_texture_npot GL_OES_rgb8_rgba8 GL_EXT_color_buffer_float GL_EXT_color_buffer_half_float GL_EXT_texture_format_BGRA8888 GL_APPLE_texture_format_BGRA8888 
INFO         | Graphics Device Extensions N/A
INFO         | Disabling sparse binding feature support
INFO         | Sending adb public key [QAAAADXVtWnjagxvpwp1ApoCoECVWflRkVZ89O5Hb+hKZVIMM1adrsW509wkN8pjA+ZKdCqso6IwoMlQ36bX4yylf1OaYd2vR5p0VNyTuUDZ5cTC4YxNsRR/6csGqCy5BUDRm0CdC/Y6FAvPkdhaoJ3q0jdB//LXXEfahEJZwm9QzukTsq5czetcLp26m+VEsmbZFL4W+nF+vvBKcyVZ5X1BnlhUXmEn84H3y9p7Jyry++XHi8jzO6le2sHbOaFFE4KAY9JHd4Egj8SrWlYEBv5PWoMA9qarHbqPJzY4G71IAIeH69QtrU0xeXwD81UZ6/yemLIKmgDW85ceVM6Fox/iyG+GS1TEYSaZ1DnPwRU5j9RG466wh+VG2+UXqV6qhjNcb6EQ/S29xqQl/4BgITZ+aflSSinVBQtaL/P1WI7OeBkedSozQT/80IwIAhohLFR9NeylfDfAyAWyB/XYpTQp+C0Y65PKBasbIG78bFbZLxTIfwrNfliZ9EkKNcEKzLR3ZO4WJN3aI/bb/sIeKHpedusDVj1jqXof+rJvnluij7UcWLWDNgdUq/MGy+RDqW6Ydbx0dMKlJjMv5bmirVDmDehl+TtIzJyqysx2nyOWM7U+FPHaLbia3WOK32K1GAs5JNN5ISPbv+6dUgWfphpVW9p70S1z7FhqbXKaXVmucwh5UB8UjwEAAQA= @unknown]
INFO         | Userspace boot properties:
INFO         |   androidboot.boot_devices=pci0000:00/0000:00:03.0 pci0000:00/0000:00:06.0
INFO         |   androidboot.dalvik.vm.heapsize=576m
INFO         |   androidboot.debug.hwui.renderer=skiagl
INFO         |   androidboot.hardware=ranchu
INFO         |   androidboot.hardware.gltransport=pipe
INFO         |   androidboot.hardware.vulkan=ranchu
INFO         |   androidboot.logcat=*:V
INFO         |   androidboot.opengles.version=196608
INFO         |   androidboot.qemu=1
INFO         |   androidboot.qemu.adb.pubkey=QAAAADXVtWnjagxvpwp1ApoCoECVWflRkVZ89O5Hb+hKZVIMM1adrsW509wkN8pjA+ZKdCqso6IwoMlQ36bX4yylf1OaYd2vR5p0VNyTuUDZ5cTC4YxNsRR/6csGqCy5BUDRm0CdC/Y6FAvPkdhaoJ3q0jdB//LXXEfahEJZwm9QzukTsq5czetcLp26m+VEsmbZFL4W+nF+vvBKcyVZ5X1BnlhUXmEn84H3y9p7Jyry++XHi8jzO6le2sHbOaFFE4KAY9JHd4Egj8SrWlYEBv5PWoMA9qarHbqPJzY4G71IAIeH69QtrU0xeXwD81UZ6/yemLIKmgDW85ceVM6Fox/iyG+GS1TEYSaZ1DnPwRU5j9RG466wh+VG2+UXqV6qhjNcb6EQ/S29xqQl/4BgITZ+aflSSinVBQtaL/P1WI7OeBkedSozQT/80IwIAhohLFR9NeylfDfAyAWyB/XYpTQp+C0Y65PKBasbIG78bFbZLxTIfwrNfliZ9EkKNcEKzLR3ZO4WJN3aI/bb/sIeKHpedusDVj1jqXof+rJvnluij7UcWLWDNgdUq/MGy+RDqW6Ydbx0dMKlJjMv5bmirVDmDehl+TtIzJyqysx2nyOWM7U+FPHaLbia3WOK32K1GAs5JNN5ISPbv+6dUgWfphpVW9p70S1z7FhqbXKaXVmucwh5UB8UjwEAAQA= @unknown
INFO         |   androidboot.qemu.avd_name=connectly_test
INFO         |   androidboot.qemu.camera_hq_edge_processing=0
INFO         |   androidboot.qemu.camera_protocol_ver=1
INFO         |   androidboot.qemu.cpuvulkan.version=4206592
INFO         |   androidboot.qemu.gltransport.drawFlushInterval=800
INFO         |   androidboot.qemu.gltransport.name=pipe
INFO         |   androidboot.qemu.hwcodec.avcdec=2
INFO         |   androidboot.qemu.hwcodec.hevcdec=2
INFO         |   androidboot.qemu.hwcodec.vpxdec=2
INFO         |   androidboot.qemu.settings.system.screen_off_timeout=2147483647
INFO         |   androidboot.qemu.skin=1080x2400
INFO         |   androidboot.qemu.virtiowifi=1
INFO         |   androidboot.qemu.vsync=60
INFO         |   androidboot.serialno=EMULATOR37X1X11X0
INFO         |   androidboot.vbmeta.digest=451e57ed688ff746d2c636d52169ade253e2bc5bb30a5c3ff23679ca15d3bcd3
INFO         |   androidboot.vbmeta.hash_alg=sha256
INFO         |   androidboot.vbmeta.size=6656
INFO         |   androidboot.veritymode=enforcing
WHPX on Windows 10.0.26200 detected.
Windows Hypervisor Platform accelerator is operational
netsimd I 09-25 11:28:44.222 external/netsim+/rust/daemon/src\rust_main.rs:93 - netsim artifacts path: "C:\\Users\\CZUVWD\\AppData\\Local\\Temp\\netsimd"
netsimd I 09-25 11:28:44.222 external/netsim+/rust/daemon/src\rust_main.rs:96 - NetsimdArgs {
    fd_startup_str: None,
    no_cli_ui: true,
    no_web_ui: true,
    pcap: false,
    disable_address_reuse: false,
    hci_port: None,
    connector_instance: None,
    instance: None,
    logtostderr: false,
    dev: false,
    forward_host_mdns: false,
    vsock: None,
    config: None,
    host_dns: Some(
        "192.168.1.254,2402:e280:21fd:700::1,2606:4700:4700::1001",
    ),
    http_proxy: Some(
        "http://185.46.212.88:10326",
    ),
    wifi_tap: None,
    wifi: None,
    test_beacons: false,
    no_test_beacons: false,
    no_shutdown: false,
    verbose: false,
    version: false,
    debug: DebugArgs {
        debug_no_traffic: false,
        debug_no_network: false,
        debug_no_wmedium: false,
        debug_no_mdns_wmedium: false,
        debug_no_guest_to_host_mdns: false,
    },
    rssi: None,
}
netsimd I 09-25 11:29:01.290 external/netsim+/rust/daemon/src\rust_main.rs:93 - netsim artifacts path: "C:\\Users\\CZUVWD\\AppData\\Local\\Temp\\netsimd"
netsimd I 09-25 11:29:01.290 external/netsim+/rust/daemon/src\rust_main.rs:96 - NetsimdArgs {
    fd_startup_str: None,
    no_cli_ui: true,
    no_web_ui: true,
    pcap: false,
    disable_address_reuse: false,
    hci_port: None,
    connector_instance: None,
    instance: None,
    logtostderr: false,
    dev: false,
    forward_host_mdns: false,
    vsock: None,
    config: None,
    host_dns: Some(
        "192.168.1.254,2402:e280:21fd:700::1,2606:4700:4700::1001",
    ),
    http_proxy: Some(
        "http://185.46.212.88:10326",
    ),
    wifi_tap: None,
    wifi: None,
    test_beacons: false,
    no_test_beacons: false,
    no_shutdown: false,
    verbose: false,
    version: false,
    debug: DebugArgs {
        debug_no_traffic: false,
        debug_no_network: false,
        debug_no_wmedium: false,
        debug_no_mdns_wmedium: false,
        debug_no_guest_to_host_mdns: false,
    },
    rssi: None,
}
