kotlin version: 2.4.20
error message: java.lang.OutOfMemoryError: GC overhead limit exceeded
	at java.base/java.io.InputStream.readNBytes(InputStream.java:408)
	at java.base/java.io.InputStream.readAllBytes(InputStream.java:349)
	at jdk.zipfs/jdk.nio.zipfs.ZipFileSystem.newByteChannel(ZipFileSystem.java:977)
	at jdk.zipfs/jdk.nio.zipfs.ZipPath.newByteChannel(ZipPath.java:857)
	at jdk.zipfs/jdk.nio.zipfs.ZipFileSystemProvider.newByteChannel(ZipFileSystemProvider.java:247)
	at java.base/java.nio.file.Files.newByteChannel(Files.java:379)
	at java.base/java.nio.file.Files.newByteChannel(Files.java:431)
	at java.base/java.nio.file.Files.readAllBytes(Files.java:3273)
	at org.jetbrains.kotlin.library.impl.KlibIrComponentImpl$irFiles$2$invoke$$inlined$IrArrayReader$1$1.invoke(lowLevelReaders.kt:29)
	at org.jetbrains.kotlin.library.impl.KlibIrComponentImpl$irFiles$2$invoke$$inlined$IrArrayReader$1$1.invoke(lowLevelReaders.kt:29)
	at org.jetbrains.kotlin.library.KlibLayoutReader$FromZipArchive$readInPlace$1.invoke(KlibLayoutReader.kt:75)
	at org.jetbrains.kotlin.library.KlibLayoutReader$FromZipArchive$readInPlace$1.invoke(KlibLayoutReader.kt:74)
	at org.jetbrains.kotlin.io.ZipFileSystemCacheableAccessor.withZipFileSystem(ZipFileSystemAccessor.kt:37)
	at org.jetbrains.kotlin.cli.common.DisposableZipFileSystemAccessor.withZipFileSystem(klibArguments.kt)
	at org.jetbrains.kotlin.library.KlibLayoutReader$FromZipArchive.readInPlace(KlibLayoutReader.kt:74)
	at org.jetbrains.kotlin.library.impl.KlibIrComponentImpl$irFiles$2$invoke$$inlined$IrArrayReader$1.invoke(lowLevelReaders.kt:29)
	at org.jetbrains.kotlin.library.impl.KlibIrComponentImpl$irFiles$2$invoke$$inlined$IrArrayReader$1.invoke(lowLevelReaders.kt:29)
	at org.jetbrains.kotlin.library.impl.ReadByteBufferProvider$OnDemandMemoryBuffer.ensureBuffer(ReadByteBufferProvider.kt:61)
	at org.jetbrains.kotlin.library.impl.ReadByteBufferProvider.use(ReadByteBufferProvider.kt:20)
	at org.jetbrains.kotlin.library.impl.IrArrayReader.<init>(lowLevelReaders.kt:32)
	at org.jetbrains.kotlin.library.impl.LowLevelReadersKt.IrArrayReader(lowLevelReaders.kt:23)
	at org.jetbrains.kotlin.library.impl.KlibIrComponentImpl$irFiles$2.invoke(KlibIrComponentImpl.kt:77)
	at org.jetbrains.kotlin.library.impl.KlibIrComponentImpl$irFiles$2.invoke(KlibIrComponentImpl.kt:20)
	at kotlin.SynchronizedLazyImpl.getValue(LazyJVM.kt:86)
	at org.jetbrains.kotlin.library.impl.KlibIrComponentImpl.getIrFiles(KlibIrComponentImpl.kt:20)
	at org.jetbrains.kotlin.library.impl.KlibIrComponentImpl.getIrFileCount(KlibIrComponentImpl.kt:58)
	at org.jetbrains.kotlin.ir.backend.js.ic.KotlinLoadedLibraryHeader.sourceFiles_delegate$lambda$0(KotlinLibraryHeader.kt:79)
	at org.jetbrains.kotlin.ir.backend.js.ic.KotlinLoadedLibraryHeader$$Lambda/0x0000022d40958aa0.invoke(Unknown Source)
	at kotlin.UnsafeLazyImpl.getValue(Lazy.kt:100)
	at org.jetbrains.kotlin.ir.backend.js.ic.KotlinLoadedLibraryHeader.getSourceFiles(KotlinLibraryHeader.kt:76)
	at org.jetbrains.kotlin.ir.backend.js.ic.KotlinLoadedLibraryHeader.parseFingerprintsFromManifest(KotlinLibraryHeader.kt:38)
	at org.jetbrains.kotlin.ir.backend.js.ic.KotlinLoadedLibraryHeader.sourceFileFingerprints_delegate$lambda$0(KotlinLibraryHeader.kt:68)


